
Hive 12 : Eliminating Duplicates and Unions (merging)

[training@localhost ~]$ cat dupes
101,aaa,10000
101,bbb,20000
101,aaa,10000
101,aaa,10000
101,aaa,10000
102,bbb,40000
103,ccc,50000
102,bbb,40000
102,bbb,40000
[training@localhost ~]$ 

hive> create database dupesdb;

hive> use dupesdb;

hive> create table dupesamp1(id int, name string, sal int)
      row format delimited 
      fields terminated by ',';

hive> load data local inpath 'dupes' into table dupesamp1;

hive> select * from dupesamp1;
OK
101	aaa	10000
101	bbb	20000
101	aaa	10000
101	aaa	10000
101	aaa	10000
102	bbb	40000
103	ccc	50000
102	bbb	40000
102	bbb	40000

way-1)
hive> select distinct(id),name,sal from dupesamp1;


101     aaa     10000
101     bbb     20000
102     bbb     40000
103     ccc    50000

way2)
hive> select id,name,sal from dupesamp1         
      group by id,name,sal;

101     aaa     10000
101     bbb     20000
102     bbb     40000
103     ccc   50000

Way3)
 if table has so many columns

hive> create table dupesamp2(line string);

Loading from HDFS:

hive> load data inpath '/user/hive/warehouse/dupesdb.db/dupesamp1/dupes'
  into table dupesamp2;
Here loading from HDFS,so Cut+paste, so in dupesamp1.....there will be no data

hive> select * from dupesamp2;
OK
101,aaa,10000
101,bbb,20000
101,aaa,10000
101,aaa,10000
101,aaa,10000
102,bbb,40000
103,ccc,50000
102,bbb,40000
102,bbb,40000


 hive> insert overwrite table dupesamp2
    select line from dupesamp2 group by line;

hive> select * from dupesamp2;

101,aaa,10000
101,bbb,20000
102,bbb,40000
103,ccc,50000

Here table doesnt have schema...so create another table with schema and load the output of this

hive> create table dupesamp3(id int, name string, sal int)
      row format delimited 
      fields terminated by ',';

hive>load data inpath '/user/hive/warehouse/dupedb.db/dupesamp2/000000_0' into table dupesamp3;

hive> select * from dupesamp3;
OK
101	aaa	10000
101	bbb	20000
102	bbb	40000
103	ccc	50000


  hive> drop table dupesamp2;
_______________________________________









Ex: Performing Union operation

hive> create table emp1(id int, name string,sal int, sex string, dno int) 
      row format delimited
      fields terminated by ',';

hive> load data local inpath 'emps1' into table emp1;

hive> select * from emp1;
OK
101	aaa	1000	m	11
102	bbb	2000	f	12
103	ccc	3000	m	12
104	ddd	4000	f	13
105	eee	5000	m	11
106	fff	6000	f	14
107	ggg	7000	m	15
108	hhh	8000	f	16

hive> create table emp2(id int, name string,sal int, sex string, dno int) 
      row format delimited
      fields terminated by ',';

hive> load data local inpath 'emps2' into table emp2;

hive> select * from emp2;
OK
201	ddd	2000	m	11
201	eee	3000	f	12

hive> create table emp3(id int, name string,sal int, sex string, dno int) 
      row format delimited
      fields terminated by ',';


Now performing union:


way1)
  insert overwrite table emp3
    select * from (
      select * from emp1
            union all
      select * from emp2) e;

hive> select * from emp3;
OK
101	aaa	1000	m	11
102	bbb	2000	f	12
103	ccc	3000	m	12
104	ddd	4000	f	13
105	eee	5000	m	11
106	fff	6000	f	14
107	ggg	7000	m	15
108	hhh	8000	f	16
201	ddd	2000	m	11
201	eee	3000	f	12



 -- if first table has 1lakh and 2nd has 10 rows, just to 10 rows, hive is scanning 1lakh+10 rows.  [ bad ]

 way2).

  if delimiters of both tables is same.

 copy or append 2nd table data to first table
  hadoop fs -cp /user/hive/warehouse/dupesdb.db/emp2/emps2   /user/hive/warehouse/dupesdb.db/emp1
   
_______________________________________

way3)

 union all:

    if table schema is different.


 tab1 --> id name  sal   sex dno
 tab2  ---> id name dno sex sal

  select * from (
      select id, name,sal,sex,dno from tab1
           union all
   select id, name,sal,sex,dno from tab2 ) t;


________________
way 4)

 if tables have different columns.

 tab1 --> id, name,  sal, sex , dno , desig

 tab2 --> id, name, income, gender, city



  select * from (
    select id, name, sal, sex, dno, desig, 'city1' as city from  tab1
           union all
 select id,name,income as sal, gender as sex,
   0 as dno , 'desig1' as desig, city 
    from tab2 ) t;

__________________________________________

--------------------------------------------------------------------------------------------------------
Loading Zipped file into hive table from HDFS

$cat sales

hyd 2015 apr 35
pun 2015 may 25
ban 2015 jun 40
hyd 2016 apr 45
pun 2016 may 33
ban 2016 jun 43
hyd 2017 apr 44
pun 2017 may 51
ban 2017 jun 49

$gzip sales
$ cat sales
cat: sales: No such file or directory
$ cat sales.gz
�fKYsales=��	�0
                  @�{�m�$8N�C�"x��Jc<~�kcÒ2��
                                              ��ߧ�a
                                                    �j_���	�{���^�'



$ hadoop fs -put sales.gz /hadooplab1
lenovo@lenovo-Lenovo-G450:~$ hadoop fs -cat /hadooplab1/sales.gz
�fKYsales=��	�0
                  @�{�m�$8N�C�"x��Jc<~�kcÒ2��
                                              ��ߧ�a
                                                    �j_���	�{���^�'
/�)����uz��������lenovo@lenovo-Lenovo-G450:~$ hadoop fs -text /hadooplab1/sales.gz
hyd 2015 apr 35
pun 2015 may 25
ban 2015 jun 40
hyd 2016 apr 45
pun 2016 may 33
ban 2016 jun 43
hyd 2017 apr 44
pun 2017 may 51
ban 2017 jun 49


hive> create table ziptab1(city string,year int,month string,temp int)
    > row format delimited
    > fields terminated by ' ';

hive> load data inpath '/hadooplab1/sales.gz' into table ziptab1;

hive> select * from ziptab1;
OK
hyd	2015	apr	35
pun	2015	may	25
ban	2015	jun	40
hyd	2016	apr	45
pun	2016	may	33
ban	2016	jun	43
hyd	2017	apr	44
pun	2017	may	51
ban	2017	jun	49







